// Vitest Snapshot v1, https://vitest.dev/guide/snapshot.html

exports[`Search > should render correctly 1`] = `
"<div class=\\"mt-4 mr-8\\">
  <p class=\\"ml-3\\">Search By Name</p><input type=\\"text\\" class=\\"w-full p-2 border-2 border-black ml-3 lg:w-80\\"><button class=\\"rounded bg-slate-400 hidden m-2 p-2 h-10 lg:inline-block\\"> Search </button>
</div>"
`;
